
  [32m[1mVITE[22m v8.2.2[39m  [2mready in [0m[1m295[22m[2m[0m ms[22m

  [32m➜[39m  [1mLocal[22m:   [36mhttp://127.0.0.1:[1m4000[22m/[39m
[2m[32m  ➜[39m[22m[2m  press [22m[1mh + enter[22m[2m to show help[22m
[2m11:19:31 a.m.[22m [36m[1m[vite][22m[39m [90m[2m(client)[22m[39m [32mhmr update [39m[2m/src/AppBootstrap.tsx, /src/App.tsx, /src/ui/PlaylistManager.tsx, /src/ui/EPGTimelinePanel.tsx, /src/ui/EPGSearch.tsx, /src/ui/RecordingLibrary.tsx[22m
[2m11:19:31 a.m.[22m [36m[1m[vite][22m[39m [90m[2m(client)[22m[39m [33mhmr invalidate [39m[2m/src/AppBootstrap.tsx[22m Could not Fast Refresh ("mountApp" export is incompatible). Learn more at https://github.com/vitejs/vite-plugin-react/tree/main/packages/plugin-react#consistent-components-exports
[2m11:19:31 a.m.[22m [36m[1m[vite][22m[39m [90m[2m(client)[22m[39m [32mpage reload [39m[2msrc/AppBootstrap.tsx[22m
[2m11:19:38 a.m.[22m [36m[1m[vite][22m[39m [90m[2m(client)[22m[39m [32mhmr update [39m[2m/src/AppBootstrap.tsx, /src/App.tsx, /src/ui/PlaylistManager.tsx, /src/ui/EPGTimelinePanel.tsx, /src/ui/EPGSearch.tsx, /src/ui/RecordingLibrary.tsx[22m
[2m11:19:38 a.m.[22m [36m[1m[vite][22m[39m [90m[2m(client)[22m[39m [33mhmr invalidate [39m[2m/src/AppBootstrap.tsx[22m Could not Fast Refresh ("mountApp" export is incompatible). Learn more at https://github.com/vitejs/vite-plugin-react/tree/main/packages/plugin-react#consistent-components-exports
[2m11:19:38 a.m.[22m [36m[1m[vite][22m[39m [90m[2m(client)[22m[39m [32mpage reload [39m[2msrc/AppBootstrap.tsx[22m
[2m11:20:06 a.m.[22m [36m[1m[vite][22m[39m [90m[2m(client)[22m[39m [32mhmr update [39m[2m/src/AppBootstrap.tsx, /src/App.tsx, /src/ui/PlaylistManager.tsx, /src/ui/EPGTimelinePanel.tsx, /src/ui/EPGSearch.tsx, /src/ui/RecordingLibrary.tsx[22m
[2m11:20:06 a.m.[22m [36m[1m[vite][22m[39m [90m[2m(client)[22m[39m [33mhmr invalidate [39m[2m/src/AppBootstrap.tsx[22m Could not Fast Refresh ("mountApp" export is incompatible). Learn more at https://github.com/vitejs/vite-plugin-react/tree/main/packages/plugin-react#consistent-components-exports
[2m11:20:06 a.m.[22m [36m[1m[vite][22m[39m [90m[2m(client)[22m[39m [32mpage reload [39m[2msrc/AppBootstrap.tsx[22m
[2m11:22:07 a.m.[22m [36m[1m[vite][22m[39m [90m[2m(client)[22m[39m [32mhmr update [39m[2m/src/AppBootstrap.tsx, /src/App.tsx, /src/ui/PlaylistManager.tsx, /src/ui/EPGTimelinePanel.tsx, /src/ui/EPGSearch.tsx, /src/ui/RecordingLibrary.tsx[22m
[2m11:22:07 a.m.[22m [36m[1m[vite][22m[39m [90m[2m(client)[22m[39m [33mhmr invalidate [39m[2m/src/AppBootstrap.tsx[22m Could not Fast Refresh ("mountApp" export is incompatible). Learn more at https://github.com/vitejs/vite-plugin-react/tree/main/packages/plugin-react#consistent-components-exports
[2m11:22:07 a.m.[22m [36m[1m[vite][22m[39m [90m[2m(client)[22m[39m [32mpage reload [39m[2msrc/AppBootstrap.tsx[22m
[2m11:22:09 a.m.[22m [36m[1m[vite][22m[39m [90m[2m(client)[22m[39m [32mhmr update [39m[2m/src/AppBootstrap.tsx, /src/App.tsx, /src/ui/PlaylistManager.tsx, /src/ui/EPGTimelinePanel.tsx, /src/ui/EPGSearch.tsx, /src/ui/RecordingLibrary.tsx[22m
[2m11:22:10 a.m.[22m [36m[1m[vite][22m[39m [90m[2m(client)[22m[39m [33mhmr invalidate [39m[2m/src/AppBootstrap.tsx[22m Could not Fast Refresh ("mountApp" export is incompatible). Learn more at https://github.com/vitejs/vite-plugin-react/tree/main/packages/plugin-react#consistent-components-exports
[2m11:22:10 a.m.[22m [36m[1m[vite][22m[39m [90m[2m(client)[22m[39m [32mpage reload [39m[2msrc/AppBootstrap.tsx[22m
[2m11:22:38 a.m.[22m [36m[1m[vite][22m[39m [90m[2m(client)[22m[39m [32mhmr update [39m[2m/src/AppBootstrap.tsx, /src/App.tsx, /src/ui/PlaylistManager.tsx, /src/ui/EPGTimelinePanel.tsx, /src/ui/EPGSearch.tsx, /src/ui/RecordingLibrary.tsx[22m
[2m11:22:38 a.m.[22m [36m[1m[vite][22m[39m [90m[2m(client)[22m[39m [33mhmr invalidate [39m[2m/src/AppBootstrap.tsx[22m Could not Fast Refresh ("mountApp" export is incompatible). Learn more at https://github.com/vitejs/vite-plugin-react/tree/main/packages/plugin-react#consistent-components-exports
[2m11:22:38 a.m.[22m [36m[1m[vite][22m[39m [90m[2m(client)[22m[39m [32mpage reload [39m[2msrc/AppBootstrap.tsx[22m
[2m11:33:18 a.m.[22m [36m[1m[vite][22m[39m [90m[2m(client)[22m[39m [32mhmr update [39m[2m/src/AppBootstrap.tsx, /src/App.tsx, /src/ui/PlaylistManager.tsx, /src/ui/EPGTimelinePanel.tsx, /src/ui/EPGSearch.tsx, /src/ui/RecordingLibrary.tsx[22m
[2m11:33:19 a.m.[22m [36m[1m[vite][22m[39m [90m[2m(client)[22m[39m [33mhmr invalidate [39m[2m/src/AppBootstrap.tsx[22m Could not Fast Refresh ("mountApp" export is incompatible). Learn more at https://github.com/vitejs/vite-plugin-react/tree/main/packages/plugin-react#consistent-components-exports
[2m11:33:19 a.m.[22m [36m[1m[vite][22m[39m [90m[2m(client)[22m[39m [32mpage reload [39m[2msrc/AppBootstrap.tsx[22m
[2m11:34:11 a.m.[22m [36m[1m[vite][22m[39m [90m[2m(client)[22m[39m [32mhmr update [39m[2m/src/AppBootstrap.tsx, /src/App.tsx, /src/ui/PlaylistManager.tsx, /src/ui/EPGTimelinePanel.tsx, /src/ui/EPGSearch.tsx, /src/ui/RecordingLibrary.tsx[22m
[2m11:34:11 a.m.[22m [36m[1m[vite][22m[39m [90m[2m(client)[22m[39m [33mhmr invalidate [39m[2m/src/AppBootstrap.tsx[22m Could not Fast Refresh ("mountApp" export is incompatible). Learn more at https://github.com/vitejs/vite-plugin-react/tree/main/packages/plugin-react#consistent-components-exports
[2m11:34:11 a.m.[22m [36m[1m[vite][22m[39m [90m[2m(client)[22m[39m [32mpage reload [39m[2msrc/AppBootstrap.tsx[22m
[2m11:34:13 a.m.[22m [36m[1m[vite][22m[39m [90m[2m(client)[22m[39m [32mhmr update [39m[2m/src/App.tsx[22m
[2m11:34:15 a.m.[22m [36m[1m[vite][22m[39m [90m[2m(client)[22m[39m [32mhmr update [39m[2m/src/AppBootstrap.tsx, /src/App.tsx, /src/ui/PlaylistManager.tsx, /src/ui/EPGTimelinePanel.tsx, /src/ui/EPGSearch.tsx, /src/ui/RecordingLibrary.tsx[22m
[2m11:34:15 a.m.[22m [36m[1m[vite][22m[39m [90m[2m(client)[22m[39m [33mhmr invalidate [39m[2m/src/AppBootstrap.tsx[22m Could not Fast Refresh ("mountApp" export is incompatible). Learn more at https://github.com/vitejs/vite-plugin-react/tree/main/packages/plugin-react#consistent-components-exports
[2m11:34:15 a.m.[22m [36m[1m[vite][22m[39m [90m[2m(client)[22m[39m [32mpage reload [39m[2msrc/AppBootstrap.tsx[22m
[2m11:34:37 a.m.[22m [36m[1m[vite][22m[39m [90m[2m(client)[22m[39m [32mhmr update [39m[2m/src/AppBootstrap.tsx, /src/App.tsx, /src/ui/PlaylistManager.tsx, /src/ui/EPGTimelinePanel.tsx, /src/ui/EPGSearch.tsx, /src/ui/RecordingLibrary.tsx[22m
[2m11:34:37 a.m.[22m [36m[1m[vite][22m[39m [90m[2m(client)[22m[39m [33mhmr invalidate [39m[2m/src/AppBootstrap.tsx[22m Could not Fast Refresh ("mountApp" export is incompatible). Learn more at https://github.com/vitejs/vite-plugin-react/tree/main/packages/plugin-react#consistent-components-exports
[2m11:34:37 a.m.[22m [36m[1m[vite][22m[39m [90m[2m(client)[22m[39m [32mpage reload [39m[2msrc/AppBootstrap.tsx[22m
[2m12:10:52 p.m.[22m [36m[1m[vite][22m[39m [90m[2m(client)[22m[39m [32mhmr update [39m[2m/src/AppBootstrap.tsx, /src/App.tsx, /src/ui/PlaylistManager.tsx, /src/ui/EPGTimelinePanel.tsx, /src/ui/EPGSearch.tsx, /src/ui/RecordingLibrary.tsx[22m
[2m12:10:52 p.m.[22m [36m[1m[vite][22m[39m [90m[2m(client)[22m[39m [33mhmr invalidate [39m[2m/src/AppBootstrap.tsx[22m Could not Fast Refresh ("mountApp" export is incompatible). Learn more at https://github.com/vitejs/vite-plugin-react/tree/main/packages/plugin-react#consistent-components-exports
[2m12:10:52 p.m.[22m [36m[1m[vite][22m[39m [90m[2m(client)[22m[39m [32mpage reload [39m[2msrc/AppBootstrap.tsx[22m
[2m12:10:54 p.m.[22m [36m[1m[vite][22m[39m [90m[2m(client)[22m[39m [32mhmr update [39m[2m/src/AppBootstrap.tsx, /src/App.tsx, /src/ui/PlaylistManager.tsx, /src/ui/EPGTimelinePanel.tsx, /src/ui/EPGSearch.tsx, /src/ui/RecordingLibrary.tsx[22m
[2m12:10:55 p.m.[22m [36m[1m[vite][22m[39m [90m[2m(client)[22m[39m [33mhmr invalidate [39m[2m/src/AppBootstrap.tsx[22m Could not Fast Refresh ("mountApp" export is incompatible). Learn more at https://github.com/vitejs/vite-plugin-react/tree/main/packages/plugin-react#consistent-components-exports
[2m12:10:55 p.m.[22m [36m[1m[vite][22m[39m [90m[2m(client)[22m[39m [32mpage reload [39m[2msrc/AppBootstrap.tsx[22m
[2m12:36:20 p.m.[22m [36m[1m[vite][22m[39m [90m[2m(client)[22m[39m [32mhmr update [39m[2m/src/AppBootstrap.tsx, /src/App.tsx, /src/ui/PlaylistManager.tsx, /src/ui/EPGTimelinePanel.tsx, /src/ui/EPGSearch.tsx, /src/ui/RecordingLibrary.tsx[22m
[2m12:36:21 p.m.[22m [36m[1m[vite][22m[39m [90m[2m(client)[22m[39m [33mhmr invalidate [39m[2m/src/AppBootstrap.tsx[22m Could not Fast Refresh ("mountApp" export is incompatible). Learn more at https://github.com/vitejs/vite-plugin-react/tree/main/packages/plugin-react#consistent-components-exports
[2m12:36:21 p.m.[22m [36m[1m[vite][22m[39m [90m[2m(client)[22m[39m [32mpage reload [39m[2msrc/AppBootstrap.tsx[22m
[2m12:36:23 p.m.[22m [36m[1m[vite][22m[39m [90m[2m(client)[22m[39m [32mhmr update [39m[2m/src/AppBootstrap.tsx, /src/App.tsx, /src/ui/PlaylistManager.tsx, /src/ui/EPGTimelinePanel.tsx, /src/ui/EPGSearch.tsx, /src/ui/RecordingLibrary.tsx[22m
[2m12:36:23 p.m.[22m [36m[1m[vite][22m[39m [90m[2m(client)[22m[39m [33mhmr invalidate [39m[2m/src/AppBootstrap.tsx[22m Could not Fast Refresh ("mountApp" export is incompatible). Learn more at https://github.com/vitejs/vite-plugin-react/tree/main/packages/plugin-react#consistent-components-exports
[2m12:36:23 p.m.[22m [36m[1m[vite][22m[39m [90m[2m(client)[22m[39m [32mpage reload [39m[2msrc/AppBootstrap.tsx[22m
[2m12:36:25 p.m.[22m [36m[1m[vite][22m[39m [90m[2m(client)[22m[39m [32mhmr update [39m[2m/src/AppBootstrap.tsx, /src/App.tsx, /src/ui/PlaylistManager.tsx, /src/ui/EPGTimelinePanel.tsx, /src/ui/EPGSearch.tsx, /src/ui/RecordingLibrary.tsx[22m
[2m12:36:25 p.m.[22m [36m[1m[vite][22m[39m [90m[2m(client)[22m[39m [33mhmr invalidate [39m[2m/src/AppBootstrap.tsx[22m Could not Fast Refresh ("mountApp" export is incompatible). Learn more at https://github.com/vitejs/vite-plugin-react/tree/main/packages/plugin-react#consistent-components-exports
[2m12:36:25 p.m.[22m [36m[1m[vite][22m[39m [90m[2m(client)[22m[39m [32mpage reload [39m[2msrc/AppBootstrap.tsx[22m
[2m12:36:27 p.m.[22m [36m[1m[vite][22m[39m [90m[2m(client)[22m[39m [32mhmr update [39m[2m/src/AppBootstrap.tsx, /src/App.tsx, /src/ui/PlaylistManager.tsx, /src/ui/EPGTimelinePanel.tsx, /src/ui/EPGSearch.tsx, /src/ui/RecordingLibrary.tsx[22m
[2m12:36:27 p.m.[22m [36m[1m[vite][22m[39m [90m[2m(client)[22m[39m [33mhmr invalidate [39m[2m/src/AppBootstrap.tsx[22m Could not Fast Refresh ("mountApp" export is incompatible). Learn more at https://github.com/vitejs/vite-plugin-react/tree/main/packages/plugin-react#consistent-components-exports
[2m12:36:27 p.m.[22m [36m[1m[vite][22m[39m [90m[2m(client)[22m[39m [32mpage reload [39m[2msrc/AppBootstrap.tsx[22m
[2m12:36:36 p.m.[22m [36m[1m[vite][22m[39m [90m[2m(client)[22m[39m [32mhmr update [39m[2m/src/AppBootstrap.tsx, /src/App.tsx, /src/ui/PlaylistManager.tsx, /src/ui/EPGTimelinePanel.tsx, /src/ui/EPGSearch.tsx, /src/ui/RecordingLibrary.tsx[22m
[2m12:36:37 p.m.[22m [36m[1m[vite][22m[39m [90m[2m(client)[22m[39m [33mhmr invalidate [39m[2m/src/AppBootstrap.tsx[22m Could not Fast Refresh ("mountApp" export is incompatible). Learn more at https://github.com/vitejs/vite-plugin-react/tree/main/packages/plugin-react#consistent-components-exports
[2m12:36:37 p.m.[22m [36m[1m[vite][22m[39m [90m[2m(client)[22m[39m [32mpage reload [39m[2msrc/AppBootstrap.tsx[22m
[2m12:37:02 p.m.[22m [36m[1m[vite][22m[39m [90m[2m(client)[22m[39m [32mhmr update [39m[2m/src/AppBootstrap.tsx, /src/App.tsx, /src/ui/PlaylistManager.tsx, /src/ui/EPGTimelinePanel.tsx, /src/ui/EPGSearch.tsx, /src/ui/RecordingLibrary.tsx[22m
[2m12:37:02 p.m.[22m [36m[1m[vite][22m[39m [90m[2m(client)[22m[39m [33mhmr invalidate [39m[2m/src/AppBootstrap.tsx[22m Could not Fast Refresh ("mountApp" export is incompatible). Learn more at https://github.com/vitejs/vite-plugin-react/tree/main/packages/plugin-react#consistent-components-exports
[2m12:37:02 p.m.[22m [36m[1m[vite][22m[39m [90m[2m(client)[22m[39m [32mpage reload [39m[2msrc/AppBootstrap.tsx[22m
[2m12:37:21 p.m.[22m [36m[1m[vite][22m[39m [90m[2m(client)[22m[39m [32mhmr update [39m[2m/src/AppBootstrap.tsx, /src/App.tsx, /src/ui/PlaylistManager.tsx, /src/ui/EPGTimelinePanel.tsx, /src/ui/EPGSearch.tsx, /src/ui/RecordingLibrary.tsx[22m
[2m12:37:21 p.m.[22m [36m[1m[vite][22m[39m [90m[2m(client)[22m[39m [33mhmr invalidate [39m[2m/src/AppBootstrap.tsx[22m Could not Fast Refresh ("mountApp" export is incompatible). Learn more at https://github.com/vitejs/vite-plugin-react/tree/main/packages/plugin-react#consistent-components-exports
[2m12:37:21 p.m.[22m [36m[1m[vite][22m[39m [90m[2m(client)[22m[39m [32mpage reload [39m[2msrc/AppBootstrap.tsx[22m
[2m12:37:23 p.m.[22m [36m[1m[vite][22m[39m [90m[2m(client)[22m[39m [32mhmr update [39m[2m/src/AppBootstrap.tsx, /src/App.tsx, /src/ui/PlaylistManager.tsx, /src/ui/EPGTimelinePanel.tsx, /src/ui/EPGSearch.tsx, /src/ui/RecordingLibrary.tsx[22m
[2m12:37:23 p.m.[22m [36m[1m[vite][22m[39m [90m[2m(client)[22m[39m [33mhmr invalidate [39m[2m/src/AppBootstrap.tsx[22m Could not Fast Refresh ("mountApp" export is incompatible). Learn more at https://github.com/vitejs/vite-plugin-react/tree/main/packages/plugin-react#consistent-components-exports
[2m12:37:23 p.m.[22m [36m[1m[vite][22m[39m [90m[2m(client)[22m[39m [32mpage reload [39m[2msrc/AppBootstrap.tsx[22m
[2m12:37:25 p.m.[22m [36m[1m[vite][22m[39m [90m[2m(client)[22m[39m [32mhmr update [39m[2m/src/AppBootstrap.tsx, /src/App.tsx, /src/ui/PlaylistManager.tsx, /src/ui/EPGTimelinePanel.tsx, /src/ui/EPGSearch.tsx, /src/ui/RecordingLibrary.tsx[22m
[2m12:37:25 p.m.[22m [36m[1m[vite][22m[39m [90m[2m(client)[22m[39m [33mhmr invalidate [39m[2m/src/AppBootstrap.tsx[22m Could not Fast Refresh ("mountApp" export is incompatible). Learn more at https://github.com/vitejs/vite-plugin-react/tree/main/packages/plugin-react#consistent-components-exports
[2m12:37:25 p.m.[22m [36m[1m[vite][22m[39m [90m[2m(client)[22m[39m [32mpage reload [39m[2msrc/AppBootstrap.tsx[22m
[2m12:37:41 p.m.[22m [36m[1m[vite][22m[39m [90m[2m(client)[22m[39m [32mhmr update [39m[2m/src/App.tsx[22m
[2m12:37:43 p.m.[22m [36m[1m[vite][22m[39m [90m[2m(client)[22m[39m [32mhmr update [39m[2m/src/App.tsx[22m
[transcode-spawn] session=d31c5e5a0242eaf5 inputMode=direct starting FFmpeg process
[transcode] session=d31c5e5a0242eaf5 amode=compat input=direct audioMap=0:a:0? sourceAudioOrd=0 sourceAudioCodec=aac sourceAudioRate=48000 audioPipeline=aac-transcode channels=2
[2m12:43:26 p.m.[22m [36m[1m[vite][22m[39m [90m[2m(client)[22m[39m [32mpage reload [39m[2mandroid/build/reports/problems/problems-report.html[22m
[2m12:43:29 p.m.[22m [36m[1m[vite][22m[39m [90m[2m(client)[22m[39m [32mpage reload [39m[2mandroid/build/reports/problems/problems-report.html[22m
[2m12:43:32 p.m.[22m [36m[1m[vite][22m[39m [90m[2m(client)[22m[39m [32mpage reload [39m[2mandroid/build/reports/problems/problems-report.html[22m
[2m12:43:37 p.m.[22m [36m[1m[vite][22m[39m [90m[2m(client)[22m[39m [32mpage reload [39m[2mandroid/build/reports/problems/problems-report.html[22m
[2m12:48:25 p.m.[22m [36m[1m[vite][22m[39m [90m[2m(client)[22m[39m [32mpage reload [39m[2mandroid/app/src/main/assets/public/index.html[22m
[2m12:48:29 p.m.[22m [36m[1m[vite][22m[39m [90m[2m(client)[22m[39m [32mpage reload [39m[2mandroid/build/reports/problems/problems-report.html[22m
[2m12:48:40 p.m.[22m [36m[1m[vite][22m[39m [90m[2m(client)[22m[39m [32mpage reload [39m[2mandroid/app/build/intermediates/assets/debug/mergeDebugAssets/public/index.html[22m
[2m12:48:45 p.m.[22m [36m[1m[vite][22m[39m [90m[2m(client)[22m[39m [32mpage reload [39m[2mandroid/build/reports/configuration-cache/1f9xwn0j0smvzl05rawf2liad/6k9rfopp1yli3m4ek9wmyrkqt/configuration-cache-report.html[22m
[2m12:48:45 p.m.[22m [36m[1m[vite][22m[39m [90m[2m(client)[22m[39m [32mpage reload [39m[2mandroid/build/reports/problems/problems-report.html[22m
[2m12:48:47 p.m.[22m [36m[1m[vite][22m[39m [90m[2m(client)[22m[39m [32mpage reload [39m[2mwebos/index.html[22m
[2m12:49:21 p.m.[22m [36m[1m[vite][22m[39m [90m[2m(client)[22m[39m [32mpage reload [39m[2mrelease/win-unpacked/LICENSES.chromium.html[22m
